// Jest Snapshot v1, https://goo.gl/fbAQLP

exports[`isNaturalNumber Should isNaturalNumber() correctly 1`] = `false`;

exports[`isNaturalNumber Should isNaturalNumber(-0.4) correctly 1`] = `false`;

exports[`isNaturalNumber Should isNaturalNumber(-1) correctly 1`] = `false`;

exports[`isNaturalNumber Should isNaturalNumber(-4.5) correctly 1`] = `false`;

exports[`isNaturalNumber Should isNaturalNumber(-9007199254740991) correctly 1`] = `false`;

exports[`isNaturalNumber Should isNaturalNumber(-Infinity) correctly 1`] = `false`;

exports[`isNaturalNumber Should isNaturalNumber(0) correctly 1`] = `false`;

exports[`isNaturalNumber Should isNaturalNumber(0) correctly 2`] = `false`;

exports[`isNaturalNumber Should isNaturalNumber(1) correctly 1`] = `true`;

exports[`isNaturalNumber Should isNaturalNumber(1.4142135623730951) correctly 1`] = `false`;

exports[`isNaturalNumber Should isNaturalNumber(1.7976931348623157e+308) correctly 1`] = `true`;

exports[`isNaturalNumber Should isNaturalNumber(2.220446049250313e-16) correctly 1`] = `false`;

exports[`isNaturalNumber Should isNaturalNumber(5) correctly 1`] = `false`;

exports[`isNaturalNumber Should isNaturalNumber(5e-324) correctly 1`] = `false`;

exports[`isNaturalNumber Should isNaturalNumber(10000) correctly 1`] = `true`;

exports[`isNaturalNumber Should isNaturalNumber(9007199254740991) correctly 1`] = `true`;

exports[`isNaturalNumber Should isNaturalNumber(Infinity) correctly 1`] = `false`;

exports[`isNaturalNumber Should isNaturalNumber(NaN) correctly 1`] = `false`;

exports[`isNaturalNumber Should isNaturalNumber(false) correctly 1`] = `false`;

exports[`isNaturalNumber Should isNaturalNumber(null) correctly 1`] = `false`;

exports[`isNaturalNumber Should isNaturalNumber(string) correctly 1`] = `false`;

exports[`isNaturalNumber Should isNaturalNumber(true) correctly 1`] = `false`;

exports[`isNaturalNumber Should isNaturalNumber(undefined) correctly 1`] = `false`;
