// Jest Snapshot v1, https://goo.gl/fbAQLP

exports[`limitConcurrent Should throw on a negative value 1`] = `"numConcurrent should be a natural number"`;

exports[`limitConcurrent Should throw on a non-integer value 1`] = `"numConcurrent should be a natural number"`;

exports[`limitConcurrent Should throw on zero 1`] = `"numConcurrent should be a natural number"`;
