// Jest Snapshot v1, https://goo.gl/fbAQLP

exports[`objectToArray Should convert object to array 1`] = `
Array [
  "a",
  "b",
  "c",
  "d",
  "e",
  "f",
  "g",
  "h",
  "i",
  "j",
  "k",
  "l",
  "m",
  "n",
]
`;
